<html>
<body>
<pre>
<h1>µVision Build Log</h1>
<h2>Tool Versions:</h2>
IDE-Version: ¦ÌVision V5.14.0.0
Copyright (C) 2015 ARM Ltd and ARM Germany GmbH. All rights reserved.
License Information: GDG 2665391522@qq.com, GDG, LIC=MGXG8-34AJX-BXHUY-I9VQ1-42UWR-SGLX4
 
Tool Versions:
Toolchain:       MDK-ARM Professional  Version: 5.14.0.0
Toolchain Path:  D:\Keil_v5\ARM\ARMCC\Bin
C Compiler:      Armcc.exe V5.05 update 1 (build 106)
Assembler:       Armasm.exe V5.05 update 1 (build 106)
Linker/Locator:  ArmLink.exe V5.05 update 1 (build 106)
Library Manager: ArmAr.exe V5.05 update 1 (build 106)
Hex Converter:   FromElf.exe V5.05 update 1 (build 106)
CPU DLL:         SARMCM3.DLL V5.14.0.0
Dialog DLL:      DCM.DLL V1.13.1.0
Target DLL:      Segger\JL2CM3.dll V2.99.13.0
Dialog DLL:      TCM.DLL V1.14.4.0
 
<h2>Project:</h2>
D:\filelia\stm32_freertos\PROJECT\demo.uvprojx
Project File Date:  04/26/2024

<h2>Output:</h2>
Build target 'demo'
compiling stm32f4xx_it.c...
compiling main.c...
compiling key.c...
compiling led.c...
compiling tft.c...
compiling tim.c...
compiling beep.c...
compiling touch.c...
compiling rtc.c...
compiling dht11.c...
compiling esp8266.c...
compiling esp8266_mqtt.c...
compiling sr04.c...
compiling iwdg.c...
compiling delay.c...
compiling ui_events.c...
linking...
Program Size: Code=204224 RO-data=130900 RW-data=1172 ZI-data=103244  
"..\OBJ\project.axf" - 0 Error(s), 0 Warning(s).

<h2>Collection of Component include folders:</h2>
  D:\filelia\stm32_freertos\PROJECT\RTE
  D:\Keil_v5\ARM\PACK\Keil\STM32F4xx_DFP\1.0.8\Device\Include

<h2>Collection of Component Files used:</h2>
</pre>
</body>
</html>
